[atxhost.xyz/index.html]
[backblue.gif]
[fade.gif]
[index.html]
[atxhost.xyz/img/favicon.ico]
[external.html]
[cdnjs.cloudflare.com/ajax/libs/font-awesome/5.10.0/css/all.min.css]
[cdn.jsdelivr.net/npm/bootstrap-icons@1.4.1/font/bootstrap-icons.css]
[atxhost.xyz/lib/owlcarousel/assets/owl.carousel.min.css]
[atxhost.xyz/lib/tempusdominus/css/tempusdominus-bootstrap-4.min.css]
[atxhost.xyz/css/bootstrap.min.css]
[atxhost.xyz/css/style.css]
[atxhost.xyz/audios/bemvindo.mp3]
[atxhost.xyz/registrar.html]
[code.jquery.com/jquery-3.4.1.min.js]
[cdn.jsdelivr.net/npm/bootstrap@5.0.0/dist/js/bootstrap.bundle.min.js]
[atxhost.xyz/lib/chart/chart.min.js]
[atxhost.xyz/lib/easing/easing.min.js]
[atxhost.xyz/lib/waypoints/waypoints.min.js]
[atxhost.xyz/lib/owlcarousel/owl.carousel.min.js]
[atxhost.xyz/lib/tempusdominus/js/moment.min.js]
[atxhost.xyz/lib/tempusdominus/js/moment-timezone.min.js]
[atxhost.xyz/lib/tempusdominus/js/tempusdominus-bootstrap-4.min.js]
[atxhost.xyz/index.html]
[atxhost.xyz/img/favicon.html]
[cdnjs.cloudflare.com/ajax/libs/font-awesome/5.10.0/css/all.min.css]
[atxhost.xyz/js/main.js]
[cdn.jsdelivr.net/npm/bootstrap-icons@1.4.1/font/fonts/bootstrap-iconsfb95.woff2]
[cdn.jsdelivr.net/npm/bootstrap-icons@1.4.1/font/bootstrap-icons.css]
[cdn.jsdelivr.net/npm/bootstrap-icons@1.4.1/font/fonts/bootstrap-iconsfb95.woff]
[atxhost.xyz/lib/owlcarousel/assets/owl.video.play.png]
[atxhost.xyz/lib/owlcarousel/assets/owl.carousel.min.css]
[atxhost.xyz/lib/tempusdominus/css/tempusdominus-bootstrap-4.min.css]
[atxhost.xyz/css/bootstrap.min.css]
[atxhost.xyz/css/style.css]
[atxhost.xyz/audios/bemvindo.html]
[atxhost.xyz/index-2.html]
[atxhost.xyz/registrar.html]
[atxhost.xyz/index-2.html]
